// Jest Snapshot v1, https://jestjs.io/docs/snapshot-testing

exports[`ArticlesList Component matches snapshot with full article data 1`] = `
<DocumentFragment>
  <section
    class="px-4 md:px-10 lg:px-20 xl:px-32 pb-20 flex flex-col justify-start gap-5"
    data-testid="region"
  >
    <span
      class="text-slate-600 text-base font-normal"
    >
      Showing: 1 of 15 articles
    </span>
    <div
      class="w-full grid grid-cols-1 md:grid-cols-2 lg:grid-cols-3 gap-[24px]"
      data-testid="articles-grid"
    >
      <div
        data-testid="article-card"
      >
        <h3>
          React Testing in 2024
        </h3>
        <p>
          Tech News
        </p>
      </div>
    </div>
  </section>
</DocumentFragment>
`;
